// Jest Snapshot v1, https://goo.gl/fbAQLP

exports[`SnapShot test 1`] = `null`;
