// Jest Snapshot v1, https://goo.gl/fbAQLP

exports[`SnapShot test 1`] = `
Array [
  <div
    className="ant-skeleton ant-skeleton-active"
  >
    <div
      className="ant-skeleton-content"
    >
      <h3
        className="ant-skeleton-title"
        style={
          Object {
            "width": "38%",
          }
        }
      />
      <ul
        className="ant-skeleton-paragraph"
      >
        <li
          style={
            Object {
              "width": undefined,
            }
          }
        />
        <li
          style={
            Object {
              "width": undefined,
            }
          }
        />
        <li
          style={
            Object {
              "width": "61%",
            }
          }
        />
      </ul>
    </div>
  </div>,
  <div
    className="ant-skeleton ant-skeleton-active"
  >
    <div
      className="ant-skeleton-content"
    >
      <h3
        className="ant-skeleton-title"
        style={
          Object {
            "width": "38%",
          }
        }
      />
      <ul
        className="ant-skeleton-paragraph"
      >
        <li
          style={
            Object {
              "width": undefined,
            }
          }
        />
        <li
          style={
            Object {
              "width": undefined,
            }
          }
        />
        <li
          style={
            Object {
              "width": "61%",
            }
          }
        />
      </ul>
    </div>
  </div>,
  <div
    className="ant-skeleton ant-skeleton-active"
  >
    <div
      className="ant-skeleton-content"
    >
      <h3
        className="ant-skeleton-title"
        style={
          Object {
            "width": "38%",
          }
        }
      />
      <ul
        className="ant-skeleton-paragraph"
      >
        <li
          style={
            Object {
              "width": undefined,
            }
          }
        />
        <li
          style={
            Object {
              "width": undefined,
            }
          }
        />
        <li
          style={
            Object {
              "width": "61%",
            }
          }
        />
      </ul>
    </div>
  </div>,
  <div
    className="ant-skeleton ant-skeleton-active"
  >
    <div
      className="ant-skeleton-content"
    >
      <h3
        className="ant-skeleton-title"
        style={
          Object {
            "width": "38%",
          }
        }
      />
      <ul
        className="ant-skeleton-paragraph"
      >
        <li
          style={
            Object {
              "width": undefined,
            }
          }
        />
        <li
          style={
            Object {
              "width": undefined,
            }
          }
        />
        <li
          style={
            Object {
              "width": "61%",
            }
          }
        />
      </ul>
    </div>
  </div>,
]
`;
