// Jest Snapshot v1, https://goo.gl/fbAQLP

exports[`SnapShot test 1`] = `
Array [
  <div
    className="ant-collapse ant-collapse-icon-position-left"
    role={null}
  >
    <div
      className="ant-collapse-item"
    >
      <div
        aria-expanded="false"
        className="ant-collapse-header"
        onClick={[Function]}
        onKeyPress={[Function]}
        role="button"
        tabIndex={0}
      >
        <span
          aria-label="right"
          className="anticon anticon-right ant-collapse-arrow"
          role="img"
        >
          <svg
            aria-hidden="true"
            className=""
            data-icon="right"
            fill="currentColor"
            focusable="false"
            height="1em"
            viewBox="64 64 896 896"
            width="1em"
          >
            <path
              d="M765.7 486.8L314.9 134.7A7.97 7.97 0 00302 141v77.3c0 4.9 2.3 9.6 6.1 12.6l360 281.1-360 281.1c-3.9 3-6.1 7.7-6.1 12.6V883c0 6.7 7.7 10.4 12.9 6.3l450.8-352.1a31.96 31.96 0 000-50.4z"
            />
          </svg>
        </span>
        <span
          aria-label="experiment"
          className="anticon anticon-experiment"
          role="img"
          style={
            Object {
              "fontSize": "15pt",
              "padding": 10,
            }
          }
        >
          <svg
            aria-hidden="true"
            className=""
            data-icon="experiment"
            fill="currentColor"
            focusable="false"
            height="1em"
            viewBox="64 64 896 896"
            width="1em"
          >
            <path
              d="M551.9 513c19.6 0 35.9-14.2 39.3-32.8A40.02 40.02 0 01552 512a40 40 0 01-40-39.4v.5c0 22 17.9 39.9 39.9 39.9zM752 687.8l-.3-.3c-29-17.5-62.3-26.8-97-26.8-44.9 0-87.2 15.7-121 43.8a256.27 256.27 0 01-164.9 59.9c-41.2 0-81-9.8-116.7-28L210.5 844h603l-59.9-155.2-1.6-1z"
              fill="#e6f7ff"
            />
            <path
              d="M879 824.9L696.3 352V178H768v-68H256v68h71.7v174L145 824.9c-2.8 7.4-4.3 15.2-4.3 23.1 0 35.3 28.7 64 64 64h614.6c7.9 0 15.7-1.5 23.1-4.3 33-12.7 49.4-49.8 36.6-82.8zM395.7 364.7V180h232.6v184.7L719.2 600c-20.7-5.3-42.1-8-63.9-8-61.2 0-119.2 21.5-165.3 60a188.78 188.78 0 01-121.3 43.9c-32.7 0-64.1-8.3-91.8-23.7l118.8-307.5zM210.5 844l41.6-107.6.1-.2c35.7 18.1 75.4 27.8 116.6 27.8 61.2 0 119.2-21.5 165.3-60 33.9-28.2 76.3-43.9 121.3-43.9 35 0 68.4 9.5 97.6 27.1l.6 1.6L813.5 844h-603z"
              fill="#1890ff"
            />
            <path
              d="M552 512c19.3 0 35.4-13.6 39.2-31.8.6-2.7.8-5.4.8-8.2 0-22.1-17.9-40-40-40s-40 17.9-40 40v.6a40 40 0 0040 39.4z"
              fill="#1890ff"
            />
          </svg>
        </span>
        <span
          style={
            Object {
              "color": "#fa541c",
              "fontWeight": "bold",
              "textDecoration": "underline",
            }
          }
        >
          Alderaan
        </span>
        <div
          className="ant-collapse-extra"
        >
          <span
            className="ant-badge ant-badge-not-a-wrapper"
          >
            <sup
              className="ant-scroll-number ant-badge-count ant-badge-multiple-words"
              data-show={true}
              style={
                Object {
                  "backgroundColor": "#fa541c",
                }
              }
              title="2,000,000,000"
            >
              2,000,000,000
            </sup>
          </span>
        </div>
      </div>
    </div>
  </div>,
  <div
    className="ant-collapse ant-collapse-icon-position-left"
    role={null}
  >
    <div
      className="ant-collapse-item"
    >
      <div
        aria-expanded="false"
        className="ant-collapse-header"
        onClick={[Function]}
        onKeyPress={[Function]}
        role="button"
        tabIndex={0}
      >
        <span
          aria-label="right"
          className="anticon anticon-right ant-collapse-arrow"
          role="img"
        >
          <svg
            aria-hidden="true"
            className=""
            data-icon="right"
            fill="currentColor"
            focusable="false"
            height="1em"
            viewBox="64 64 896 896"
            width="1em"
          >
            <path
              d="M765.7 486.8L314.9 134.7A7.97 7.97 0 00302 141v77.3c0 4.9 2.3 9.6 6.1 12.6l360 281.1-360 281.1c-3.9 3-6.1 7.7-6.1 12.6V883c0 6.7 7.7 10.4 12.9 6.3l450.8-352.1a31.96 31.96 0 000-50.4z"
            />
          </svg>
        </span>
        <span
          aria-label="sound"
          className="anticon anticon-sound"
          role="img"
          style={
            Object {
              "fontSize": "15pt",
              "padding": 10,
            }
          }
        >
          <svg
            aria-hidden="true"
            className=""
            data-icon="sound"
            fill="currentColor"
            focusable="false"
            height="1em"
            viewBox="64 64 896 896"
            width="1em"
          >
            <path
              d="M275.4 424H146v176h129.4l18 11.7L586 803V221L293.3 412.3z"
              fill="#e6f7ff"
            />
            <path
              d="M892.1 737.8l-110.3-63.7a15.9 15.9 0 00-21.7 5.9l-19.9 34.5c-4.4 7.6-1.8 17.4 5.8 21.8L856.3 800a15.9 15.9 0 0021.7-5.9l19.9-34.5c4.4-7.6 1.7-17.4-5.8-21.8zM934 476H806c-8.8 0-16 7.2-16 16v40c0 8.8 7.2 16 16 16h128c8.8 0 16-7.2 16-16v-40c0-8.8-7.2-16-16-16zM760 344a15.9 15.9 0 0021.7 5.9L892 286.2c7.6-4.4 10.2-14.2 5.8-21.8L878 230a15.9 15.9 0 00-21.7-5.9L746 287.8a15.99 15.99 0 00-5.8 21.8L760 344zM625.9 115c-5.9 0-11.9 1.6-17.4 5.3L254 352H90c-8.8 0-16 7.2-16 16v288c0 8.8 7.2 16 16 16h164l354.5 231.7c5.5 3.6 11.6 5.3 17.4 5.3 16.7 0 32.1-13.3 32.1-32.1V147.1c0-18.8-15.4-32.1-32.1-32.1zM586 803L293.4 611.7l-18-11.7H146V424h129.4l17.9-11.7L586 221v582z"
              fill="#1890ff"
            />
          </svg>
        </span>
        <span
          style={
            Object {
              "color": "lime",
              "fontWeight": "bold",
              "textDecoration": "underline",
            }
          }
        >
          Yavin IV
        </span>
        <div
          className="ant-collapse-extra"
        >
          <span
            className="ant-badge ant-badge-not-a-wrapper"
          >
            <sup
              className="ant-scroll-number ant-badge-count ant-badge-multiple-words"
              data-show={true}
              style={
                Object {
                  "backgroundColor": "lime",
                }
              }
              title="1,000"
            >
              1,000
            </sup>
          </span>
        </div>
      </div>
    </div>
  </div>,
  <div
    className="ant-collapse ant-collapse-icon-position-left"
    role={null}
  >
    <div
      className="ant-collapse-item"
    >
      <div
        aria-expanded="false"
        className="ant-collapse-header"
        onClick={[Function]}
        onKeyPress={[Function]}
        role="button"
        tabIndex={0}
      >
        <span
          aria-label="right"
          className="anticon anticon-right ant-collapse-arrow"
          role="img"
        >
          <svg
            aria-hidden="true"
            className=""
            data-icon="right"
            fill="currentColor"
            focusable="false"
            height="1em"
            viewBox="64 64 896 896"
            width="1em"
          >
            <path
              d="M765.7 486.8L314.9 134.7A7.97 7.97 0 00302 141v77.3c0 4.9 2.3 9.6 6.1 12.6l360 281.1-360 281.1c-3.9 3-6.1 7.7-6.1 12.6V883c0 6.7 7.7 10.4 12.9 6.3l450.8-352.1a31.96 31.96 0 000-50.4z"
            />
          </svg>
        </span>
        <span
          aria-label="alert"
          className="anticon anticon-alert"
          role="img"
          style={
            Object {
              "fontSize": "15pt",
              "padding": 10,
            }
          }
        >
          <svg
            aria-hidden="true"
            className=""
            data-icon="alert"
            fill="currentColor"
            focusable="false"
            height="1em"
            viewBox="64 64 896 896"
            width="1em"
          >
            <path
              d="M340 585c0-5.5 4.5-10 10-10h44c5.5 0 10 4.5 10 10v171h355V563c0-136.4-110.6-247-247-247S265 426.6 265 563v193h75V585z"
              fill="#e6f7ff"
            />
            <path
              d="M216.9 310.5l39.6-39.6c3.1-3.1 3.1-8.2 0-11.3l-67.9-67.9a8.03 8.03 0 00-11.3 0l-39.6 39.6a8.03 8.03 0 000 11.3l67.9 67.9c3.1 3.1 8.1 3.1 11.3 0zm669.6-79.2l-39.6-39.6a8.03 8.03 0 00-11.3 0l-67.9 67.9a8.03 8.03 0 000 11.3l39.6 39.6c3.1 3.1 8.2 3.1 11.3 0l67.9-67.9c3.1-3.2 3.1-8.2 0-11.3zM484 180h56c4.4 0 8-3.6 8-8V76c0-4.4-3.6-8-8-8h-56c-4.4 0-8 3.6-8 8v96c0 4.4 3.6 8 8 8zm348 712H192c-17.7 0-32 14.3-32 32v24c0 4.4 3.6 8 8 8h688c4.4 0 8-3.6 8-8v-24c0-17.7-14.3-32-32-32zm-639-96c0 17.7 14.3 32 32 32h574c17.7 0 32-14.3 32-32V563c0-176.2-142.8-319-319-319S193 386.8 193 563v233zm72-233c0-136.4 110.6-247 247-247s247 110.6 247 247v193H404V585c0-5.5-4.5-10-10-10h-44c-5.5 0-10 4.5-10 10v171h-75V563z"
              fill="#1890ff"
            />
          </svg>
        </span>
        <span
          style={
            Object {
              "color": "gold",
              "fontWeight": "bold",
              "textDecoration": "underline",
            }
          }
        >
          Hoth
        </span>
        <div
          className="ant-collapse-extra"
        >
          <span
            className="ant-badge ant-badge-not-a-wrapper"
          >
            <sup
              className="ant-scroll-number ant-badge-count ant-badge-multiple-words"
              data-show={true}
              style={
                Object {
                  "backgroundColor": "gold",
                }
              }
              title="NaN"
            >
              NaN
            </sup>
          </span>
        </div>
      </div>
    </div>
  </div>,
  <div
    className="ant-collapse ant-collapse-icon-position-left"
    role={null}
  >
    <div
      className="ant-collapse-item"
    >
      <div
        aria-expanded="false"
        className="ant-collapse-header"
        onClick={[Function]}
        onKeyPress={[Function]}
        role="button"
        tabIndex={0}
      >
        <span
          aria-label="right"
          className="anticon anticon-right ant-collapse-arrow"
          role="img"
        >
          <svg
            aria-hidden="true"
            className=""
            data-icon="right"
            fill="currentColor"
            focusable="false"
            height="1em"
            viewBox="64 64 896 896"
            width="1em"
          >
            <path
              d="M765.7 486.8L314.9 134.7A7.97 7.97 0 00302 141v77.3c0 4.9 2.3 9.6 6.1 12.6l360 281.1-360 281.1c-3.9 3-6.1 7.7-6.1 12.6V883c0 6.7 7.7 10.4 12.9 6.3l450.8-352.1a31.96 31.96 0 000-50.4z"
            />
          </svg>
        </span>
        <span
          aria-label="bank"
          className="anticon anticon-bank"
          role="img"
          style={
            Object {
              "fontSize": "15pt",
              "padding": 10,
            }
          }
        >
          <svg
            aria-hidden="true"
            className=""
            data-icon="bank"
            fill="currentColor"
            focusable="false"
            height="1em"
            viewBox="64 64 896 896"
            width="1em"
          >
            <path
              d="M240.9 393.9h542.2L512 196.7z"
              fill="#e6f7ff"
            />
            <path
              d="M894 462c30.9 0 43.8-39.7 18.7-58L530.8 126.2a31.81 31.81 0 00-37.6 0L111.3 404c-25.1 18.2-12.2 58 18.8 58H192v374h-72c-4.4 0-8 3.6-8 8v52c0 4.4 3.6 8 8 8h784c4.4 0 8-3.6 8-8v-52c0-4.4-3.6-8-8-8h-72V462h62zM381 836H264V462h117v374zm189 0H453V462h117v374zm190 0H642V462h118v374zM240.9 393.9L512 196.7l271.1 197.2H240.9z"
              fill="#1890ff"
            />
          </svg>
        </span>
        <span
          style={
            Object {
              "color": "gold",
              "fontWeight": "bold",
              "textDecoration": "underline",
            }
          }
        >
          Dagobah
        </span>
        <div
          className="ant-collapse-extra"
        >
          <span
            className="ant-badge ant-badge-not-a-wrapper"
          >
            <sup
              className="ant-scroll-number ant-badge-count ant-badge-multiple-words"
              data-show={true}
              style={
                Object {
                  "backgroundColor": "gold",
                }
              }
              title="NaN"
            >
              NaN
            </sup>
          </span>
        </div>
      </div>
    </div>
  </div>,
  <div
    className="ant-collapse ant-collapse-icon-position-left"
    role={null}
  >
    <div
      className="ant-collapse-item"
    >
      <div
        aria-expanded="false"
        className="ant-collapse-header"
        onClick={[Function]}
        onKeyPress={[Function]}
        role="button"
        tabIndex={0}
      >
        <span
          aria-label="right"
          className="anticon anticon-right ant-collapse-arrow"
          role="img"
        >
          <svg
            aria-hidden="true"
            className=""
            data-icon="right"
            fill="currentColor"
            focusable="false"
            height="1em"
            viewBox="64 64 896 896"
            width="1em"
          >
            <path
              d="M765.7 486.8L314.9 134.7A7.97 7.97 0 00302 141v77.3c0 4.9 2.3 9.6 6.1 12.6l360 281.1-360 281.1c-3.9 3-6.1 7.7-6.1 12.6V883c0 6.7 7.7 10.4 12.9 6.3l450.8-352.1a31.96 31.96 0 000-50.4z"
            />
          </svg>
        </span>
        <span
          aria-label="crown"
          className="anticon anticon-crown"
          role="img"
          style={
            Object {
              "fontSize": "15pt",
              "padding": 10,
            }
          }
        >
          <svg
            aria-hidden="true"
            className=""
            data-icon="crown"
            fill="currentColor"
            focusable="false"
            height="1em"
            viewBox="64 64 896 896"
            width="1em"
          >
            <path
              d="M911.9 283.9v.5L835.5 865c-1 8-7.9 14-15.9 14H204.5c-8.1 0-14.9-6.1-16-14l-76.4-580.6v-.6 1.6L188.5 866c1.1 7.9 7.9 14 16 14h615.1c8 0 14.9-6 15.9-14l76.4-580.6c.1-.5.1-1 0-1.5z"
              fill="#e6f7ff"
            />
            <path
              d="M773.6 810.6l53.9-409.4-139.8 86.1L512 252.9 336.3 487.3l-139.8-86.1 53.8 409.4h523.3zm-374.2-189c0-62.1 50.5-112.6 112.6-112.6s112.6 50.5 112.6 112.6v1c0 62.1-50.5 112.6-112.6 112.6s-112.6-50.5-112.6-112.6v-1z"
              fill="#e6f7ff"
            />
            <path
              d="M512 734.2c61.9 0 112.3-50.2 112.6-112.1v-.5c0-62.1-50.5-112.6-112.6-112.6s-112.6 50.5-112.6 112.6v.5c.3 61.9 50.7 112.1 112.6 112.1zm0-160.9c26.6 0 48.2 21.6 48.2 48.3 0 26.6-21.6 48.3-48.2 48.3s-48.2-21.6-48.2-48.3c0-26.6 21.6-48.3 48.2-48.3z"
              fill="#1890ff"
            />
            <path
              d="M188.5 865c1.1 7.9 7.9 14 16 14h615.1c8 0 14.9-6 15.9-14l76.4-580.6v-.5c.3-6.4-6.7-10.8-12.3-7.4L705 396.4 518.4 147.5a8.06 8.06 0 00-12.9 0L319 396.4 124.3 276.5c-5.5-3.4-12.6.9-12.2 7.3v.6L188.5 865zm147.8-377.7L512 252.9l175.7 234.4 139.8-86.1-53.9 409.4H250.3l-53.8-409.4 139.8 86.1z"
              fill="#1890ff"
            />
          </svg>
        </span>
        <span
          style={
            Object {
              "color": "purple",
              "fontWeight": "bold",
              "textDecoration": "underline",
            }
          }
        >
          Bespin
        </span>
        <div
          className="ant-collapse-extra"
        >
          <span
            className="ant-badge ant-badge-not-a-wrapper"
          >
            <sup
              className="ant-scroll-number ant-badge-count ant-badge-multiple-words"
              data-show={true}
              style={
                Object {
                  "backgroundColor": "purple",
                }
              }
              title="6,000,000"
            >
              6,000,000
            </sup>
          </span>
        </div>
      </div>
    </div>
  </div>,
  <div
    className="ant-collapse ant-collapse-icon-position-left"
    role={null}
  >
    <div
      className="ant-collapse-item"
    >
      <div
        aria-expanded="false"
        className="ant-collapse-header"
        onClick={[Function]}
        onKeyPress={[Function]}
        role="button"
        tabIndex={0}
      >
        <span
          aria-label="right"
          className="anticon anticon-right ant-collapse-arrow"
          role="img"
        >
          <svg
            aria-hidden="true"
            className=""
            data-icon="right"
            fill="currentColor"
            focusable="false"
            height="1em"
            viewBox="64 64 896 896"
            width="1em"
          >
            <path
              d="M765.7 486.8L314.9 134.7A7.97 7.97 0 00302 141v77.3c0 4.9 2.3 9.6 6.1 12.6l360 281.1-360 281.1c-3.9 3-6.1 7.7-6.1 12.6V883c0 6.7 7.7 10.4 12.9 6.3l450.8-352.1a31.96 31.96 0 000-50.4z"
            />
          </svg>
        </span>
        <span
          aria-label="rocket"
          className="anticon anticon-rocket"
          role="img"
          style={
            Object {
              "fontSize": "15pt",
              "padding": 10,
            }
          }
        >
          <svg
            aria-hidden="true"
            className=""
            data-icon="rocket"
            fill="currentColor"
            focusable="false"
            height="1em"
            viewBox="64 64 896 896"
            width="1em"
          >
            <path
              d="M261.7 621.4c-9.4 14.6-17 30.3-22.5 46.6H324V558.7c-24.8 16.2-46 37.5-62.3 62.7zM700 558.7V668h84.8c-5.5-16.3-13.1-32-22.5-46.6a211.6 211.6 0 00-62.3-62.7zm-64-239.9l-124-147-124 147V668h248V318.8zM512 448a48.01 48.01 0 010-96 48.01 48.01 0 010 96z"
              fill="#e6f7ff"
            />
            <path
              d="M864 736c0-111.6-65.4-208-160-252.9V317.3c0-15.1-5.3-29.7-15.1-41.2L536.5 95.4C530.1 87.8 521 84 512 84s-18.1 3.8-24.5 11.4L335.1 276.1a63.97 63.97 0 00-15.1 41.2v165.8C225.4 528 160 624.4 160 736h156.5c-2.3 7.2-3.5 15-3.5 23.8 0 22.1 7.6 43.7 21.4 60.8a97.2 97.2 0 0043.1 30.6c23.1 54 75.6 88.8 134.5 88.8 29.1 0 57.3-8.6 81.4-24.8 23.6-15.8 41.9-37.9 53-64a97 97 0 0043.1-30.5 97.52 97.52 0 0021.4-60.8c0-8.4-1.1-16.4-3.1-23.8L864 736zm-540-68h-84.8c5.5-16.3 13.1-32 22.5-46.6 16.3-25.2 37.5-46.5 62.3-62.7V668zm64-184.9V318.8l124-147 124 147V668H388V483.1zm240.1 301.1c-5.2 3-11.2 4.2-17.1 3.4l-19.5-2.4-2.8 19.4c-5.4 37.9-38.4 66.5-76.7 66.5s-71.3-28.6-76.7-66.5l-2.8-19.5-19.5 2.5a27.7 27.7 0 01-17.1-3.5c-8.7-5-14.1-14.3-14.1-24.4 0-10.6 5.9-19.4 14.6-23.8h231.3c8.8 4.5 14.6 13.3 14.6 23.8-.1 10.2-5.5 19.6-14.2 24.5zM700 668V558.7a211.6 211.6 0 0162.3 62.7c9.4 14.6 17 30.3 22.5 46.6H700z"
              fill="#1890ff"
            />
            <path
              d="M464 400a48 48 0 1096 0 48 48 0 10-96 0z"
              fill="#1890ff"
            />
          </svg>
        </span>
        <span
          style={
            Object {
              "color": "magenta",
              "fontWeight": "bold",
              "textDecoration": "underline",
            }
          }
        >
          Endor
        </span>
        <div
          className="ant-collapse-extra"
        >
          <span
            className="ant-badge ant-badge-not-a-wrapper"
          >
            <sup
              className="ant-scroll-number ant-badge-count ant-badge-multiple-words"
              data-show={true}
              style={
                Object {
                  "backgroundColor": "magenta",
                }
              }
              title="30,000,000"
            >
              30,000,000
            </sup>
          </span>
        </div>
      </div>
    </div>
  </div>,
  <div
    className="ant-collapse ant-collapse-icon-position-left"
    role={null}
  >
    <div
      className="ant-collapse-item"
    >
      <div
        aria-expanded="false"
        className="ant-collapse-header"
        onClick={[Function]}
        onKeyPress={[Function]}
        role="button"
        tabIndex={0}
      >
        <span
          aria-label="right"
          className="anticon anticon-right ant-collapse-arrow"
          role="img"
        >
          <svg
            aria-hidden="true"
            className=""
            data-icon="right"
            fill="currentColor"
            focusable="false"
            height="1em"
            viewBox="64 64 896 896"
            width="1em"
          >
            <path
              d="M765.7 486.8L314.9 134.7A7.97 7.97 0 00302 141v77.3c0 4.9 2.3 9.6 6.1 12.6l360 281.1-360 281.1c-3.9 3-6.1 7.7-6.1 12.6V883c0 6.7 7.7 10.4 12.9 6.3l450.8-352.1a31.96 31.96 0 000-50.4z"
            />
          </svg>
        </span>
        <span
          aria-label="thunderbolt"
          className="anticon anticon-thunderbolt"
          role="img"
          style={
            Object {
              "fontSize": "15pt",
              "padding": 10,
            }
          }
        >
          <svg
            aria-hidden="true"
            className=""
            data-icon="thunderbolt"
            fill="currentColor"
            focusable="false"
            height="1em"
            viewBox="64 64 896 896"
            width="1em"
          >
            <path
              d="M695.4 164.1H470.8L281.2 491.5h157.4l-60.3 241 319.8-305.1h-211z"
              fill="#e6f7ff"
            />
            <path
              d="M848.1 359.3H627.8L825.9 109c4.1-5.3.4-13-6.3-13H436.1c-2.8 0-5.5 1.5-6.9 4L170.1 547.5c-3.1 5.3.7 12 6.9 12h174.4L262 917.1c-1.9 7.8 7.5 13.3 13.3 7.7L853.6 373c5.2-4.9 1.7-13.7-5.5-13.7zM378.3 732.5l60.3-241H281.2l189.6-327.4h224.6L487.1 427.4h211L378.3 732.5z"
              fill="#1890ff"
            />
          </svg>
        </span>
        <span
          style={
            Object {
              "color": "#fa541c",
              "fontWeight": "bold",
              "textDecoration": "underline",
            }
          }
        >
          Naboo
        </span>
        <div
          className="ant-collapse-extra"
        >
          <span
            className="ant-badge ant-badge-not-a-wrapper"
          >
            <sup
              className="ant-scroll-number ant-badge-count ant-badge-multiple-words"
              data-show={true}
              style={
                Object {
                  "backgroundColor": "#fa541c",
                }
              }
              title="4,500,000,000"
            >
              4,500,000,000
            </sup>
          </span>
        </div>
      </div>
    </div>
  </div>,
  <div
    className="ant-collapse ant-collapse-icon-position-left"
    role={null}
  >
    <div
      className="ant-collapse-item"
    >
      <div
        aria-expanded="false"
        className="ant-collapse-header"
        onClick={[Function]}
        onKeyPress={[Function]}
        role="button"
        tabIndex={0}
      >
        <span
          aria-label="right"
          className="anticon anticon-right ant-collapse-arrow"
          role="img"
        >
          <svg
            aria-hidden="true"
            className=""
            data-icon="right"
            fill="currentColor"
            focusable="false"
            height="1em"
            viewBox="64 64 896 896"
            width="1em"
          >
            <path
              d="M765.7 486.8L314.9 134.7A7.97 7.97 0 00302 141v77.3c0 4.9 2.3 9.6 6.1 12.6l360 281.1-360 281.1c-3.9 3-6.1 7.7-6.1 12.6V883c0 6.7 7.7 10.4 12.9 6.3l450.8-352.1a31.96 31.96 0 000-50.4z"
            />
          </svg>
        </span>
        <span
          aria-label="sound"
          className="anticon anticon-sound"
          role="img"
          style={
            Object {
              "fontSize": "15pt",
              "padding": 10,
            }
          }
        >
          <svg
            aria-hidden="true"
            className=""
            data-icon="sound"
            fill="currentColor"
            focusable="false"
            height="1em"
            viewBox="64 64 896 896"
            width="1em"
          >
            <path
              d="M275.4 424H146v176h129.4l18 11.7L586 803V221L293.3 412.3z"
              fill="#e6f7ff"
            />
            <path
              d="M892.1 737.8l-110.3-63.7a15.9 15.9 0 00-21.7 5.9l-19.9 34.5c-4.4 7.6-1.8 17.4 5.8 21.8L856.3 800a15.9 15.9 0 0021.7-5.9l19.9-34.5c4.4-7.6 1.7-17.4-5.8-21.8zM934 476H806c-8.8 0-16 7.2-16 16v40c0 8.8 7.2 16 16 16h128c8.8 0 16-7.2 16-16v-40c0-8.8-7.2-16-16-16zM760 344a15.9 15.9 0 0021.7 5.9L892 286.2c7.6-4.4 10.2-14.2 5.8-21.8L878 230a15.9 15.9 0 00-21.7-5.9L746 287.8a15.99 15.99 0 00-5.8 21.8L760 344zM625.9 115c-5.9 0-11.9 1.6-17.4 5.3L254 352H90c-8.8 0-16 7.2-16 16v288c0 8.8 7.2 16 16 16h164l354.5 231.7c5.5 3.6 11.6 5.3 17.4 5.3 16.7 0 32.1-13.3 32.1-32.1V147.1c0-18.8-15.4-32.1-32.1-32.1zM586 803L293.4 611.7l-18-11.7H146V424h129.4l17.9-11.7L586 221v582z"
              fill="#1890ff"
            />
          </svg>
        </span>
        <span
          style={
            Object {
              "color": "#fa541c",
              "fontWeight": "bold",
              "textDecoration": "underline",
            }
          }
        >
          Coruscant
        </span>
        <div
          className="ant-collapse-extra"
        >
          <span
            className="ant-badge ant-badge-not-a-wrapper"
          >
            <sup
              className="ant-scroll-number ant-badge-count ant-badge-multiple-words"
              data-show={true}
              style={
                Object {
                  "backgroundColor": "#fa541c",
                }
              }
              title="1,000,000,000,000"
            >
              1,000,000,000,000
            </sup>
          </span>
        </div>
      </div>
    </div>
  </div>,
  <div
    className="ant-collapse ant-collapse-icon-position-left"
    role={null}
  >
    <div
      className="ant-collapse-item"
    >
      <div
        aria-expanded="false"
        className="ant-collapse-header"
        onClick={[Function]}
        onKeyPress={[Function]}
        role="button"
        tabIndex={0}
      >
        <span
          aria-label="right"
          className="anticon anticon-right ant-collapse-arrow"
          role="img"
        >
          <svg
            aria-hidden="true"
            className=""
            data-icon="right"
            fill="currentColor"
            focusable="false"
            height="1em"
            viewBox="64 64 896 896"
            width="1em"
          >
            <path
              d="M765.7 486.8L314.9 134.7A7.97 7.97 0 00302 141v77.3c0 4.9 2.3 9.6 6.1 12.6l360 281.1-360 281.1c-3.9 3-6.1 7.7-6.1 12.6V883c0 6.7 7.7 10.4 12.9 6.3l450.8-352.1a31.96 31.96 0 000-50.4z"
            />
          </svg>
        </span>
        <span
          aria-label="crown"
          className="anticon anticon-crown"
          role="img"
          style={
            Object {
              "fontSize": "15pt",
              "padding": 10,
            }
          }
        >
          <svg
            aria-hidden="true"
            className=""
            data-icon="crown"
            fill="currentColor"
            focusable="false"
            height="1em"
            viewBox="64 64 896 896"
            width="1em"
          >
            <path
              d="M911.9 283.9v.5L835.5 865c-1 8-7.9 14-15.9 14H204.5c-8.1 0-14.9-6.1-16-14l-76.4-580.6v-.6 1.6L188.5 866c1.1 7.9 7.9 14 16 14h615.1c8 0 14.9-6 15.9-14l76.4-580.6c.1-.5.1-1 0-1.5z"
              fill="#e6f7ff"
            />
            <path
              d="M773.6 810.6l53.9-409.4-139.8 86.1L512 252.9 336.3 487.3l-139.8-86.1 53.8 409.4h523.3zm-374.2-189c0-62.1 50.5-112.6 112.6-112.6s112.6 50.5 112.6 112.6v1c0 62.1-50.5 112.6-112.6 112.6s-112.6-50.5-112.6-112.6v-1z"
              fill="#e6f7ff"
            />
            <path
              d="M512 734.2c61.9 0 112.3-50.2 112.6-112.1v-.5c0-62.1-50.5-112.6-112.6-112.6s-112.6 50.5-112.6 112.6v.5c.3 61.9 50.7 112.1 112.6 112.1zm0-160.9c26.6 0 48.2 21.6 48.2 48.3 0 26.6-21.6 48.3-48.2 48.3s-48.2-21.6-48.2-48.3c0-26.6 21.6-48.3 48.2-48.3z"
              fill="#1890ff"
            />
            <path
              d="M188.5 865c1.1 7.9 7.9 14 16 14h615.1c8 0 14.9-6 15.9-14l76.4-580.6v-.5c.3-6.4-6.7-10.8-12.3-7.4L705 396.4 518.4 147.5a8.06 8.06 0 00-12.9 0L319 396.4 124.3 276.5c-5.5-3.4-12.6.9-12.2 7.3v.6L188.5 865zm147.8-377.7L512 252.9l175.7 234.4 139.8-86.1-53.9 409.4H250.3l-53.8-409.4 139.8 86.1z"
              fill="#1890ff"
            />
          </svg>
        </span>
        <span
          style={
            Object {
              "color": "#fa541c",
              "fontWeight": "bold",
              "textDecoration": "underline",
            }
          }
        >
          Kamino
        </span>
        <div
          className="ant-collapse-extra"
        >
          <span
            className="ant-badge ant-badge-not-a-wrapper"
          >
            <sup
              className="ant-scroll-number ant-badge-count ant-badge-multiple-words"
              data-show={true}
              style={
                Object {
                  "backgroundColor": "#fa541c",
                }
              }
              title="1,000,000,000"
            >
              1,000,000,000
            </sup>
          </span>
        </div>
      </div>
    </div>
  </div>,
  <div
    className="ant-collapse ant-collapse-icon-position-left"
    role={null}
  >
    <div
      className="ant-collapse-item"
    >
      <div
        aria-expanded="false"
        className="ant-collapse-header"
        onClick={[Function]}
        onKeyPress={[Function]}
        role="button"
        tabIndex={0}
      >
        <span
          aria-label="right"
          className="anticon anticon-right ant-collapse-arrow"
          role="img"
        >
          <svg
            aria-hidden="true"
            className=""
            data-icon="right"
            fill="currentColor"
            focusable="false"
            height="1em"
            viewBox="64 64 896 896"
            width="1em"
          >
            <path
              d="M765.7 486.8L314.9 134.7A7.97 7.97 0 00302 141v77.3c0 4.9 2.3 9.6 6.1 12.6l360 281.1-360 281.1c-3.9 3-6.1 7.7-6.1 12.6V883c0 6.7 7.7 10.4 12.9 6.3l450.8-352.1a31.96 31.96 0 000-50.4z"
            />
          </svg>
        </span>
        <span
          aria-label="experiment"
          className="anticon anticon-experiment"
          role="img"
          style={
            Object {
              "fontSize": "15pt",
              "padding": 10,
            }
          }
        >
          <svg
            aria-hidden="true"
            className=""
            data-icon="experiment"
            fill="currentColor"
            focusable="false"
            height="1em"
            viewBox="64 64 896 896"
            width="1em"
          >
            <path
              d="M551.9 513c19.6 0 35.9-14.2 39.3-32.8A40.02 40.02 0 01552 512a40 40 0 01-40-39.4v.5c0 22 17.9 39.9 39.9 39.9zM752 687.8l-.3-.3c-29-17.5-62.3-26.8-97-26.8-44.9 0-87.2 15.7-121 43.8a256.27 256.27 0 01-164.9 59.9c-41.2 0-81-9.8-116.7-28L210.5 844h603l-59.9-155.2-1.6-1z"
              fill="#e6f7ff"
            />
            <path
              d="M879 824.9L696.3 352V178H768v-68H256v68h71.7v174L145 824.9c-2.8 7.4-4.3 15.2-4.3 23.1 0 35.3 28.7 64 64 64h614.6c7.9 0 15.7-1.5 23.1-4.3 33-12.7 49.4-49.8 36.6-82.8zM395.7 364.7V180h232.6v184.7L719.2 600c-20.7-5.3-42.1-8-63.9-8-61.2 0-119.2 21.5-165.3 60a188.78 188.78 0 01-121.3 43.9c-32.7 0-64.1-8.3-91.8-23.7l118.8-307.5zM210.5 844l41.6-107.6.1-.2c35.7 18.1 75.4 27.8 116.6 27.8 61.2 0 119.2-21.5 165.3-60 33.9-28.2 76.3-43.9 121.3-43.9 35 0 68.4 9.5 97.6 27.1l.6 1.6L813.5 844h-603z"
              fill="#1890ff"
            />
            <path
              d="M552 512c19.3 0 35.4-13.6 39.2-31.8.6-2.7.8-5.4.8-8.2 0-22.1-17.9-40-40-40s-40 17.9-40 40v.6a40 40 0 0040 39.4z"
              fill="#1890ff"
            />
          </svg>
        </span>
        <span
          style={
            Object {
              "color": "#fa541c",
              "fontWeight": "bold",
              "textDecoration": "underline",
            }
          }
        >
          Geonosis
        </span>
        <div
          className="ant-collapse-extra"
        >
          <span
            className="ant-badge ant-badge-not-a-wrapper"
          >
            <sup
              className="ant-scroll-number ant-badge-count ant-badge-multiple-words"
              data-show={true}
              style={
                Object {
                  "backgroundColor": "#fa541c",
                }
              }
              title="100,000,000,000"
            >
              100,000,000,000
            </sup>
          </span>
        </div>
      </div>
    </div>
  </div>,
]
`;
